mode: set
github.com/darren-rose/snake-in-go/internal/audio/audio.go:15.34,17.2 1 1
github.com/darren-rose/snake-in-go/internal/audio/audio.go:20.34,22.2 1 1
github.com/darren-rose/snake-in-go/internal/audio/audio.go:25.35,27.2 1 1
github.com/darren-rose/snake-in-go/internal/audio/audio.go:30.73,31.27 1 1
github.com/darren-rose/snake-in-go/internal/audio/audio.go:31.27,33.3 1 1
github.com/darren-rose/snake-in-go/internal/audio/audio.go:35.2,39.16 4 0
github.com/darren-rose/snake-in-go/internal/audio/audio.go:39.16,41.3 1 0
github.com/darren-rose/snake-in-go/internal/audio/audio.go:43.2,44.15 2 0
github.com/darren-rose/snake-in-go/internal/audio/audio.go:48.60,55.35 5 1
github.com/darren-rose/snake-in-go/internal/audio/audio.go:55.35,63.3 4 1
github.com/darren-rose/snake-in-go/internal/audio/audio.go:65.2,65.12 1 1
github.com/darren-rose/snake-in-go/internal/game/game.go:18.51,41.2 6 1
github.com/darren-rose/snake-in-go/internal/game/game.go:44.27,61.2 15 1
github.com/darren-rose/snake-in-go/internal/game/game.go:64.34,65.16 1 1
github.com/darren-rose/snake-in-go/internal/game/game.go:65.16,67.3 1 0
github.com/darren-rose/snake-in-go/internal/game/game.go:69.2,74.12 5 1
github.com/darren-rose/snake-in-go/internal/game/game.go:78.47,79.38 1 0
github.com/darren-rose/snake-in-go/internal/game/game.go:79.38,81.3 1 0
github.com/darren-rose/snake-in-go/internal/game/game.go:82.2,82.38 1 0
github.com/darren-rose/snake-in-go/internal/game/game.go:82.38,84.3 1 0
github.com/darren-rose/snake-in-go/internal/game/game.go:85.2,85.12 1 0
github.com/darren-rose/snake-in-go/internal/game/game.go:89.38,90.41 1 1
github.com/darren-rose/snake-in-go/internal/game/game.go:90.41,94.36 3 0
github.com/darren-rose/snake-in-go/internal/game/game.go:94.36,97.4 2 0
github.com/darren-rose/snake-in-go/internal/game/game.go:102.33,103.86 1 1
github.com/darren-rose/snake-in-go/internal/game/game.go:103.86,106.3 2 0
github.com/darren-rose/snake-in-go/internal/game/game.go:110.41,111.49 1 1
github.com/darren-rose/snake-in-go/internal/game/game.go:111.49,113.3 1 1
github.com/darren-rose/snake-in-go/internal/game/game.go:115.2,124.61 6 1
github.com/darren-rose/snake-in-go/internal/game/game.go:124.61,127.3 2 0
github.com/darren-rose/snake-in-go/internal/game/game.go:130.2,134.20 3 1
github.com/darren-rose/snake-in-go/internal/game/game.go:134.20,136.3 1 0
github.com/darren-rose/snake-in-go/internal/game/game.go:136.8,139.3 1 1
github.com/darren-rose/snake-in-go/internal/game/game.go:143.48,148.2 1 1
github.com/darren-rose/snake-in-go/internal/game/game.go:151.63,152.36 1 1
github.com/darren-rose/snake-in-go/internal/game/game.go:152.36,153.25 1 1
github.com/darren-rose/snake-in-go/internal/game/game.go:153.25,155.4 1 1
github.com/darren-rose/snake-in-go/internal/game/game.go:157.2,157.14 1 1
github.com/darren-rose/snake-in-go/internal/game/game.go:161.54,168.18 6 1
github.com/darren-rose/snake-in-go/internal/game/game.go:168.18,170.3 1 1
github.com/darren-rose/snake-in-go/internal/game/game.go:170.8,177.3 5 1
github.com/darren-rose/snake-in-go/internal/game/game.go:181.41,187.42 4 1
github.com/darren-rose/snake-in-go/internal/game/game.go:187.42,189.3 1 0
github.com/darren-rose/snake-in-go/internal/game/game.go:191.2,191.26 1 1
github.com/darren-rose/snake-in-go/internal/game/game.go:195.29,201.2 2 1
github.com/darren-rose/snake-in-go/internal/game/game.go:204.33,205.38 1 1
github.com/darren-rose/snake-in-go/internal/game/game.go:205.38,207.3 1 0
github.com/darren-rose/snake-in-go/internal/game/game.go:208.2,208.38 1 1
github.com/darren-rose/snake-in-go/internal/game/game.go:208.38,210.3 1 0
github.com/darren-rose/snake-in-go/internal/game/game.go:211.2,211.38 1 1
github.com/darren-rose/snake-in-go/internal/game/game.go:211.38,213.3 1 0
github.com/darren-rose/snake-in-go/internal/game/game.go:214.2,214.38 1 1
github.com/darren-rose/snake-in-go/internal/game/game.go:214.38,216.3 1 0
github.com/darren-rose/snake-in-go/internal/game/game.go:220.46,221.6 1 1
github.com/darren-rose/snake-in-go/internal/game/game.go:221.6,226.32 2 1
github.com/darren-rose/snake-in-go/internal/game/game.go:226.32,228.4 1 1
github.com/darren-rose/snake-in-go/internal/game/game.go:233.57,234.34 1 1
github.com/darren-rose/snake-in-go/internal/game/game.go:234.34,235.19 1 1
github.com/darren-rose/snake-in-go/internal/game/game.go:235.19,237.4 1 0
github.com/darren-rose/snake-in-go/internal/game/game.go:239.2,239.14 1 1
github.com/darren-rose/snake-in-go/internal/game/game.go:243.47,248.38 4 1
github.com/darren-rose/snake-in-go/internal/game/game.go:248.38,256.3 2 1
github.com/darren-rose/snake-in-go/internal/renderer/renderer.go:18.48,25.16 6 0
github.com/darren-rose/snake-in-go/internal/renderer/renderer.go:25.16,27.3 1 0
github.com/darren-rose/snake-in-go/internal/renderer/renderer.go:31.57,45.2 3 0
github.com/darren-rose/snake-in-go/internal/renderer/renderer.go:48.41,54.2 1 0
github.com/darren-rose/snake-in-go/internal/renderer/renderer.go:57.53,58.34 1 0
github.com/darren-rose/snake-in-go/internal/renderer/renderer.go:58.34,67.3 3 0
github.com/darren-rose/snake-in-go/internal/renderer/renderer.go:71.52,80.2 3 0
github.com/darren-rose/snake-in-go/internal/renderer/renderer.go:83.58,84.35 1 0
github.com/darren-rose/snake-in-go/internal/renderer/renderer.go:84.35,96.3 2 0
github.com/darren-rose/snake-in-go/internal/renderer/renderer.go:100.62,109.2 4 0
github.com/darren-rose/snake-in-go/cmd/main.go:23.40,25.2 1 0
github.com/darren-rose/snake-in-go/cmd/main.go:28.52,30.2 1 0
github.com/darren-rose/snake-in-go/cmd/main.go:33.76,35.2 1 0
github.com/darren-rose/snake-in-go/cmd/main.go:37.13,39.2 1 0
github.com/darren-rose/snake-in-go/cmd/main.go:41.13,58.44 6 0
github.com/darren-rose/snake-in-go/cmd/main.go:58.44,60.3 1 0
